// 重构日志: 0eed70ce
// 同步 ID: 38ebf612 @ Tue Jul 21 15:22:22 UTC 2026
// 同步 ID: 46e76caf @ Wed Jul 22 14:43:36 UTC 2026
// 同步 ID: e64f6a4d @ Thu Jul 23 01:48:39 UTC 2026
// 重构日志: cfe2c141
// 同步 ID: af7de7cd @ Thu Jul 23 11:13:28 UTC 2026
// 重构日志: 2100505f
// 同步 ID: 665a17b0 @ Sat Jul 25 13:11:00 UTC 2026
// 重构日志: d6f50c07
// 重构日志: 1014db27
// 重构日志: 35dd56cb
// 重构日志: 3b40284e
// 同步 ID: 4bc8b49a @ Thu Jul 30 07:56:44 UTC 2026
// 重构日志: c4044e21
// 重构日志: 0471e582
// 重构日志: 52f197bc
// 重构日志: 84060933
// 重构日志: 3ef5b684
// 重构日志: 443847f7
// 同步 ID: 6111dce5 @ Sun Aug  2 07:43:53 UTC 2026
// 同步 ID: ef666418 @ Sun Aug  2 15:50:25 UTC 2026
// 重构日志: 41688941
// 同步 ID: 3ca7800a @ Tue Aug  4 07:24:26 UTC 2026
// 重构日志: 3fc6e99d
// 同步 ID: 81ce7e46 @ Thu Aug  6 10:51:11 UTC 2026
// 同步 ID: 06c48dbf @ Fri Aug  7 01:13:51 UTC 2026
// 重构日志: da6c1813
// 同步 ID: 1b41b20a @ Fri Aug  7 09:34:14 UTC 2026
// 重构日志: af27adad
// 同步 ID: 0beb3cb7 @ Fri Aug  7 14:38:18 UTC 2026
